Archive member included to satisfy reference by file (symbol)

/usr/lib/gcc/avr/5.4.0/avr4/libgcc.a(_udivmodhi4.o)
                              da_pimp2.o (__udivmodhi4)
/usr/lib/gcc/avr/5.4.0/avr4/libgcc.a(_exit.o)
                              /usr/lib/gcc/avr/5.4.0/../../../avr/lib/avr4/crtatmega48.o (exit)
/usr/lib/gcc/avr/5.4.0/avr4/libgcc.a(_copy_data.o)
                              da_pimp2.o (__do_copy_data)
/usr/lib/gcc/avr/5.4.0/avr4/libgcc.a(_clear_bss.o)
                              da_pimp2.o (__do_clear_bss)
/usr/lib/gcc/avr/5.4.0/../../../avr/lib/avr4/libm.a(divsf3.o)
                              da_pimp2.o (__divsf3)
/usr/lib/gcc/avr/5.4.0/../../../avr/lib/avr4/libm.a(divsf3x.o)
                              /usr/lib/gcc/avr/5.4.0/../../../avr/lib/avr4/libm.a(divsf3.o) (__divsf3x)
/usr/lib/gcc/avr/5.4.0/../../../avr/lib/avr4/libm.a(fixunssfsi.o)
                              da_pimp2.o (__fixunssfsi)
/usr/lib/gcc/avr/5.4.0/../../../avr/lib/avr4/libm.a(floatsisf.o)
                              da_pimp2.o (__floatunsisf)
/usr/lib/gcc/avr/5.4.0/../../../avr/lib/avr4/libm.a(fp_inf.o)
                              /usr/lib/gcc/avr/5.4.0/../../../avr/lib/avr4/libm.a(divsf3x.o) (__fp_inf)
/usr/lib/gcc/avr/5.4.0/../../../avr/lib/avr4/libm.a(fp_nan.o)
                              /usr/lib/gcc/avr/5.4.0/../../../avr/lib/avr4/libm.a(divsf3x.o) (__fp_nan)
/usr/lib/gcc/avr/5.4.0/../../../avr/lib/avr4/libm.a(fp_pscA.o)
                              /usr/lib/gcc/avr/5.4.0/../../../avr/lib/avr4/libm.a(divsf3x.o) (__fp_pscA)
/usr/lib/gcc/avr/5.4.0/../../../avr/lib/avr4/libm.a(fp_pscB.o)
                              /usr/lib/gcc/avr/5.4.0/../../../avr/lib/avr4/libm.a(divsf3x.o) (__fp_pscB)
/usr/lib/gcc/avr/5.4.0/../../../avr/lib/avr4/libm.a(fp_round.o)
                              /usr/lib/gcc/avr/5.4.0/../../../avr/lib/avr4/libm.a(divsf3.o) (__fp_round)
/usr/lib/gcc/avr/5.4.0/../../../avr/lib/avr4/libm.a(fp_split3.o)
                              /usr/lib/gcc/avr/5.4.0/../../../avr/lib/avr4/libm.a(divsf3x.o) (__fp_split3)
/usr/lib/gcc/avr/5.4.0/../../../avr/lib/avr4/libm.a(fp_zero.o)
                              /usr/lib/gcc/avr/5.4.0/../../../avr/lib/avr4/libm.a(fixunssfsi.o) (__fp_zero)
/usr/lib/gcc/avr/5.4.0/../../../avr/lib/avr4/libm.a(mulsf3.o)
                              da_pimp2.o (__mulsf3)
/usr/lib/gcc/avr/5.4.0/../../../avr/lib/avr4/libm.a(mulsf3x.o)
                              /usr/lib/gcc/avr/5.4.0/../../../avr/lib/avr4/libm.a(mulsf3.o) (__mulsf3x)

Allocating common symbols
Common symbol       size              file

hexcode             0x1               da_pimp2.o
volt_dig2           0x1               da_pimp2.o
avg_adc             0x80              da_pimp2.o
adc_read            0x2               da_pimp2.o
volt_dig1           0x1               da_pimp2.o
adc_volt            0x2               da_pimp2.o
adc_avg_total       0x2               da_pimp2.o

Memory Configuration

Name             Origin             Length             Attributes
text             0x00000000         0x00002000         xr
data             0x00800060         0x0000ffa0         rw !x
eeprom           0x00810000         0x00010000         rw !x
fuse             0x00820000         0x00000003         rw !x
lock             0x00830000         0x00000400         rw !x
signature        0x00840000         0x00000400         rw !x
user_signatures  0x00850000         0x00000400         rw !x
*default*        0x00000000         0xffffffff

Linker script and memory map

Address of section .data set to 0x800100
LOAD /usr/lib/gcc/avr/5.4.0/../../../avr/lib/avr4/crtatmega48.o
LOAD da_pimp2.o
START GROUP
LOAD /usr/lib/gcc/avr/5.4.0/avr4/libgcc.a
LOAD /usr/lib/gcc/avr/5.4.0/../../../avr/lib/avr4/libm.a
LOAD /usr/lib/gcc/avr/5.4.0/../../../avr/lib/avr4/libc.a
LOAD /usr/lib/gcc/avr/5.4.0/../../../avr/lib/avr4/libatmega48.a
END GROUP
                0x00002000                __TEXT_REGION_LENGTH__ = DEFINED (__TEXT_REGION_LENGTH__)?__TEXT_REGION_LENGTH__:0x2000
                0x0000ffa0                __DATA_REGION_LENGTH__ = DEFINED (__DATA_REGION_LENGTH__)?__DATA_REGION_LENGTH__:0xffa0
                0x00010000                __EEPROM_REGION_LENGTH__ = DEFINED (__EEPROM_REGION_LENGTH__)?__EEPROM_REGION_LENGTH__:0x10000
                [0x00000003]                __FUSE_REGION_LENGTH__ = DEFINED (__FUSE_REGION_LENGTH__)?__FUSE_REGION_LENGTH__:0x400
                0x00000400                __LOCK_REGION_LENGTH__ = DEFINED (__LOCK_REGION_LENGTH__)?__LOCK_REGION_LENGTH__:0x400
                0x00000400                __SIGNATURE_REGION_LENGTH__ = DEFINED (__SIGNATURE_REGION_LENGTH__)?__SIGNATURE_REGION_LENGTH__:0x400
                0x00000400                __USER_SIGNATURE_REGION_LENGTH__ = DEFINED (__USER_SIGNATURE_REGION_LENGTH__)?__USER_SIGNATURE_REGION_LENGTH__:0x400

.hash
 *(.hash)

.dynsym
 *(.dynsym)

.dynstr
 *(.dynstr)

.gnu.version
 *(.gnu.version)

.gnu.version_d
 *(.gnu.version_d)

.gnu.version_r
 *(.gnu.version_r)

.rel.init
 *(.rel.init)

.rela.init
 *(.rela.init)

.rel.text
 *(.rel.text)
 *(.rel.text.*)
 *(.rel.gnu.linkonce.t*)

.rela.text
 *(.rela.text)
 *(.rela.text.*)
 *(.rela.gnu.linkonce.t*)

.rel.fini
 *(.rel.fini)

.rela.fini
 *(.rela.fini)

.rel.rodata
 *(.rel.rodata)
 *(.rel.rodata.*)
 *(.rel.gnu.linkonce.r*)

.rela.rodata
 *(.rela.rodata)
 *(.rela.rodata.*)
 *(.rela.gnu.linkonce.r*)

.rel.data
 *(.rel.data)
 *(.rel.data.*)
 *(.rel.gnu.linkonce.d*)

.rela.data
 *(.rela.data)
 *(.rela.data.*)
 *(.rela.gnu.linkonce.d*)

.rel.ctors
 *(.rel.ctors)

.rela.ctors
 *(.rela.ctors)

.rel.dtors
 *(.rel.dtors)

.rela.dtors
 *(.rela.dtors)

.rel.got
 *(.rel.got)

.rela.got
 *(.rela.got)

.rel.bss
 *(.rel.bss)

.rela.bss
 *(.rela.bss)

.rel.plt
 *(.rel.plt)

.rela.plt
 *(.rela.plt)

.text           0x00000000      0x66c
 *(.vectors)
 .vectors       0x00000000       0x34 /usr/lib/gcc/avr/5.4.0/../../../avr/lib/avr4/crtatmega48.o
                0x00000000                __vectors
                0x00000000                __vector_default
 *(.vectors)
 *(.progmem.gcc*)
 .progmem.gcc_sw_table
                0x00000034       0x14 da_pimp2.o
                0x00000048                . = ALIGN (0x2)
                0x00000048                __trampolines_start = .
 *(.trampolines)
 .trampolines   0x00000048        0x0 linker stubs
 *(.trampolines*)
                0x00000048                __trampolines_end = .
 *libprintf_flt.a:*(.progmem.data)
 *libc.a:*(.progmem.data)
 *(.progmem*)
                0x00000048                . = ALIGN (0x2)
 *(.jumptables)
 *(.jumptables*)
 *(.lowtext)
 *(.lowtext*)
                0x00000048                __ctors_start = .
 *(.ctors)
                0x00000048                __ctors_end = .
                0x00000048                __dtors_start = .
 *(.dtors)
                0x00000048                __dtors_end = .
 SORT(*)(.ctors)
 SORT(*)(.dtors)
 *(.init0)
 .init0         0x00000048        0x0 /usr/lib/gcc/avr/5.4.0/../../../avr/lib/avr4/crtatmega48.o
                0x00000048                __init
 *(.init0)
 *(.init1)
 *(.init1)
 *(.init2)
 .init2         0x00000048        0xc /usr/lib/gcc/avr/5.4.0/../../../avr/lib/avr4/crtatmega48.o
 *(.init2)
 *(.init3)
 *(.init3)
 *(.init4)
 .init4         0x00000054       0x16 /usr/lib/gcc/avr/5.4.0/avr4/libgcc.a(_copy_data.o)
                0x00000054                __do_copy_data
 .init4         0x0000006a       0x10 /usr/lib/gcc/avr/5.4.0/avr4/libgcc.a(_clear_bss.o)
                0x0000006a                __do_clear_bss
 *(.init4)
 *(.init5)
 *(.init5)
 *(.init6)
 *(.init6)
 *(.init7)
 *(.init7)
 *(.init8)
 *(.init8)
 *(.init9)
 .init9         0x0000007a        0x4 /usr/lib/gcc/avr/5.4.0/../../../avr/lib/avr4/crtatmega48.o
 *(.init9)
 *(.text)
 .text          0x0000007e        0x2 /usr/lib/gcc/avr/5.4.0/../../../avr/lib/avr4/crtatmega48.o
                0x0000007e                __vector_22
                0x0000007e                __vector_1
                0x0000007e                __vector_24
                0x0000007e                __vector_12
                0x0000007e                __bad_interrupt
                0x0000007e                __vector_6
                0x0000007e                __vector_3
                0x0000007e                __vector_23
                0x0000007e                __vector_25
                0x0000007e                __vector_11
                0x0000007e                __vector_13
                0x0000007e                __vector_17
                0x0000007e                __vector_19
                0x0000007e                __vector_7
                0x0000007e                __vector_5
                0x0000007e                __vector_4
                0x0000007e                __vector_9
                0x0000007e                __vector_2
                0x0000007e                __vector_15
                0x0000007e                __vector_8
                0x0000007e                __vector_14
                0x0000007e                __vector_10
                0x0000007e                __vector_16
                0x0000007e                __vector_18
                0x0000007e                __vector_20
 .text          0x00000080      0x290 da_pimp2.o
                0x00000080                delay_ms
                0x00000094                digits
                0x000000a6                hundreds
                0x000000bc                tens
                0x000000de                adc_init
                0x00000112                adc_manual_read
                0x0000012e                port_init
                0x00000142                __vector_21
                0x0000018c                adc2avg
                0x000001cc                adc2volt
                0x00000212                digit_breakup
                0x00000254                digit_2_hex
                0x00000290                write_sev_seg
                0x000002c6                display_digits
 .text          0x00000310        0x0 /usr/lib/gcc/avr/5.4.0/avr4/libgcc.a(_udivmodhi4.o)
 .text          0x00000310        0x0 /usr/lib/gcc/avr/5.4.0/avr4/libgcc.a(_exit.o)
 .text          0x00000310        0x0 /usr/lib/gcc/avr/5.4.0/avr4/libgcc.a(_copy_data.o)
 .text          0x00000310        0x0 /usr/lib/gcc/avr/5.4.0/avr4/libgcc.a(_clear_bss.o)
 .text          0x00000310        0x0 /usr/lib/gcc/avr/5.4.0/../../../avr/lib/avr4/libm.a(divsf3.o)
 .text          0x00000310        0x0 /usr/lib/gcc/avr/5.4.0/../../../avr/lib/avr4/libm.a(divsf3x.o)
 .text          0x00000310        0x0 /usr/lib/gcc/avr/5.4.0/../../../avr/lib/avr4/libm.a(fixunssfsi.o)
 .text          0x00000310        0x0 /usr/lib/gcc/avr/5.4.0/../../../avr/lib/avr4/libm.a(floatsisf.o)
 .text          0x00000310        0x0 /usr/lib/gcc/avr/5.4.0/../../../avr/lib/avr4/libm.a(fp_inf.o)
 .text          0x00000310        0x0 /usr/lib/gcc/avr/5.4.0/../../../avr/lib/avr4/libm.a(fp_nan.o)
 .text          0x00000310        0x0 /usr/lib/gcc/avr/5.4.0/../../../avr/lib/avr4/libm.a(fp_pscA.o)
 .text          0x00000310        0x0 /usr/lib/gcc/avr/5.4.0/../../../avr/lib/avr4/libm.a(fp_pscB.o)
 .text          0x00000310        0x0 /usr/lib/gcc/avr/5.4.0/../../../avr/lib/avr4/libm.a(fp_round.o)
 .text          0x00000310        0x0 /usr/lib/gcc/avr/5.4.0/../../../avr/lib/avr4/libm.a(fp_split3.o)
 .text          0x00000310        0x0 /usr/lib/gcc/avr/5.4.0/../../../avr/lib/avr4/libm.a(fp_zero.o)
 .text          0x00000310        0x0 /usr/lib/gcc/avr/5.4.0/../../../avr/lib/avr4/libm.a(mulsf3.o)
 .text          0x00000310        0x0 /usr/lib/gcc/avr/5.4.0/../../../avr/lib/avr4/libm.a(mulsf3x.o)
                0x00000310                . = ALIGN (0x2)
 *(.text.*)
 .text.startup  0x00000310       0x26 da_pimp2.o
                0x00000310                main
 .text.libgcc.mul
                0x00000336        0x0 /usr/lib/gcc/avr/5.4.0/avr4/libgcc.a(_udivmodhi4.o)
 .text.libgcc.div
                0x00000336       0x28 /usr/lib/gcc/avr/5.4.0/avr4/libgcc.a(_udivmodhi4.o)
                0x00000336                __udivmodhi4
 .text.libgcc   0x0000035e        0x0 /usr/lib/gcc/avr/5.4.0/avr4/libgcc.a(_udivmodhi4.o)
 .text.libgcc.prologue
                0x0000035e        0x0 /usr/lib/gcc/avr/5.4.0/avr4/libgcc.a(_udivmodhi4.o)
 .text.libgcc.builtins
                0x0000035e        0x0 /usr/lib/gcc/avr/5.4.0/avr4/libgcc.a(_udivmodhi4.o)
 .text.libgcc.fmul
                0x0000035e        0x0 /usr/lib/gcc/avr/5.4.0/avr4/libgcc.a(_udivmodhi4.o)
 .text.libgcc.fixed
                0x0000035e        0x0 /usr/lib/gcc/avr/5.4.0/avr4/libgcc.a(_udivmodhi4.o)
 .text.libgcc.mul
                0x0000035e        0x0 /usr/lib/gcc/avr/5.4.0/avr4/libgcc.a(_exit.o)
 .text.libgcc.div
                0x0000035e        0x0 /usr/lib/gcc/avr/5.4.0/avr4/libgcc.a(_exit.o)
 .text.libgcc   0x0000035e        0x0 /usr/lib/gcc/avr/5.4.0/avr4/libgcc.a(_exit.o)
 .text.libgcc.prologue
                0x0000035e        0x0 /usr/lib/gcc/avr/5.4.0/avr4/libgcc.a(_exit.o)
 .text.libgcc.builtins
                0x0000035e        0x0 /usr/lib/gcc/avr/5.4.0/avr4/libgcc.a(_exit.o)
 .text.libgcc.fmul
                0x0000035e        0x0 /usr/lib/gcc/avr/5.4.0/avr4/libgcc.a(_exit.o)
 .text.libgcc.fixed
                0x0000035e        0x0 /usr/lib/gcc/avr/5.4.0/avr4/libgcc.a(_exit.o)
 .text.libgcc.mul
                0x0000035e        0x0 /usr/lib/gcc/avr/5.4.0/avr4/libgcc.a(_copy_data.o)
 .text.libgcc.div
                0x0000035e        0x0 /usr/lib/gcc/avr/5.4.0/avr4/libgcc.a(_copy_data.o)
 .text.libgcc   0x0000035e        0x0 /usr/lib/gcc/avr/5.4.0/avr4/libgcc.a(_copy_data.o)
 .text.libgcc.prologue
                0x0000035e        0x0 /usr/lib/gcc/avr/5.4.0/avr4/libgcc.a(_copy_data.o)
 .text.libgcc.builtins
                0x0000035e        0x0 /usr/lib/gcc/avr/5.4.0/avr4/libgcc.a(_copy_data.o)
 .text.libgcc.fmul
                0x0000035e        0x0 /usr/lib/gcc/avr/5.4.0/avr4/libgcc.a(_copy_data.o)
 .text.libgcc.fixed
                0x0000035e        0x0 /usr/lib/gcc/avr/5.4.0/avr4/libgcc.a(_copy_data.o)
 .text.libgcc.mul
                0x0000035e        0x0 /usr/lib/gcc/avr/5.4.0/avr4/libgcc.a(_clear_bss.o)
 .text.libgcc.div
                0x0000035e        0x0 /usr/lib/gcc/avr/5.4.0/avr4/libgcc.a(_clear_bss.o)
 .text.libgcc   0x0000035e        0x0 /usr/lib/gcc/avr/5.4.0/avr4/libgcc.a(_clear_bss.o)
 .text.libgcc.prologue
                0x0000035e        0x0 /usr/lib/gcc/avr/5.4.0/avr4/libgcc.a(_clear_bss.o)
 .text.libgcc.builtins
                0x0000035e        0x0 /usr/lib/gcc/avr/5.4.0/avr4/libgcc.a(_clear_bss.o)
 .text.libgcc.fmul
                0x0000035e        0x0 /usr/lib/gcc/avr/5.4.0/avr4/libgcc.a(_clear_bss.o)
 .text.libgcc.fixed
                0x0000035e        0x0 /usr/lib/gcc/avr/5.4.0/avr4/libgcc.a(_clear_bss.o)
 .text.avr-libc.fplib
                0x0000035e        0x4 /usr/lib/gcc/avr/5.4.0/../../../avr/lib/avr4/libm.a(divsf3.o)
                0x0000035e                __divsf3
 .text.avr-libc.fplib
                0x00000362       0xcc /usr/lib/gcc/avr/5.4.0/../../../avr/lib/avr4/libm.a(divsf3x.o)
                0x00000378                __divsf3x
                0x0000037c                __divsf3_pse
 .text.avr-libc.fplib
                0x0000042e       0x58 /usr/lib/gcc/avr/5.4.0/../../../avr/lib/avr4/libm.a(fixunssfsi.o)
                0x0000042e                __fixunssfsi
 .text.avr-libc.fplib
                0x00000486       0x7a /usr/lib/gcc/avr/5.4.0/../../../avr/lib/avr4/libm.a(floatsisf.o)
                0x00000486                __floatunsisf
                0x0000048a                __floatsisf
 .text.avr-libc.fplib
                0x00000500        0xc /usr/lib/gcc/avr/5.4.0/../../../avr/lib/avr4/libm.a(fp_inf.o)
                0x00000500                __fp_inf
 .text.avr-libc.fplib
                0x0000050c        0x6 /usr/lib/gcc/avr/5.4.0/../../../avr/lib/avr4/libm.a(fp_nan.o)
                0x0000050c                __fp_nan
 .text.avr-libc.fplib
                0x00000512        0xe /usr/lib/gcc/avr/5.4.0/../../../avr/lib/avr4/libm.a(fp_pscA.o)
                0x00000512                __fp_pscA
 .text.avr-libc.fplib
                0x00000520        0xe /usr/lib/gcc/avr/5.4.0/../../../avr/lib/avr4/libm.a(fp_pscB.o)
                0x00000520                __fp_pscB
 .text.avr-libc.fplib
                0x0000052e       0x22 /usr/lib/gcc/avr/5.4.0/../../../avr/lib/avr4/libm.a(fp_round.o)
                0x0000052e                __fp_round
 .text.avr-libc.fplib
                0x00000550       0x44 /usr/lib/gcc/avr/5.4.0/../../../avr/lib/avr4/libm.a(fp_split3.o)
                0x00000550                __fp_split3
                0x00000560                __fp_splitA
 .text.avr-libc.fplib
                0x00000594        0xe /usr/lib/gcc/avr/5.4.0/../../../avr/lib/avr4/libm.a(fp_zero.o)
                0x00000594                __fp_zero
                0x00000596                __fp_szero
 .text.avr-libc.fplib
                0x000005a2        0x4 /usr/lib/gcc/avr/5.4.0/../../../avr/lib/avr4/libm.a(mulsf3.o)
                0x000005a2                __mulsf3
 .text.avr-libc.fplib
                0x000005a6       0xc2 /usr/lib/gcc/avr/5.4.0/../../../avr/lib/avr4/libm.a(mulsf3x.o)
                0x000005ba                __mulsf3x
                0x000005be                __mulsf3_pse
                0x00000668                . = ALIGN (0x2)
 *(.fini9)
 .fini9         0x00000668        0x0 /usr/lib/gcc/avr/5.4.0/avr4/libgcc.a(_exit.o)
                0x00000668                exit
                0x00000668                _exit
 *(.fini9)
 *(.fini8)
 *(.fini8)
 *(.fini7)
 *(.fini7)
 *(.fini6)
 *(.fini6)
 *(.fini5)
 *(.fini5)
 *(.fini4)
 *(.fini4)
 *(.fini3)
 *(.fini3)
 *(.fini2)
 *(.fini2)
 *(.fini1)
 *(.fini1)
 *(.fini0)
 .fini0         0x00000668        0x4 /usr/lib/gcc/avr/5.4.0/avr4/libgcc.a(_exit.o)
 *(.fini0)
                0x0000066c                _etext = .

.data           0x00800100        0x2 load address 0x0000066c
                0x00800100                PROVIDE (__data_start, .)
 *(.data)
 .data          0x00800100        0x0 /usr/lib/gcc/avr/5.4.0/../../../avr/lib/avr4/crtatmega48.o
 .data          0x00800100        0x1 da_pimp2.o
                0x00800100                disp_pos
 .data          0x00800101        0x0 /usr/lib/gcc/avr/5.4.0/avr4/libgcc.a(_udivmodhi4.o)
 .data          0x00800101        0x0 /usr/lib/gcc/avr/5.4.0/avr4/libgcc.a(_exit.o)
 .data          0x00800101        0x0 /usr/lib/gcc/avr/5.4.0/avr4/libgcc.a(_copy_data.o)
 .data          0x00800101        0x0 /usr/lib/gcc/avr/5.4.0/avr4/libgcc.a(_clear_bss.o)
 .data          0x00800101        0x0 /usr/lib/gcc/avr/5.4.0/../../../avr/lib/avr4/libm.a(divsf3.o)
 .data          0x00800101        0x0 /usr/lib/gcc/avr/5.4.0/../../../avr/lib/avr4/libm.a(divsf3x.o)
 .data          0x00800101        0x0 /usr/lib/gcc/avr/5.4.0/../../../avr/lib/avr4/libm.a(fixunssfsi.o)
 .data          0x00800101        0x0 /usr/lib/gcc/avr/5.4.0/../../../avr/lib/avr4/libm.a(floatsisf.o)
 .data          0x00800101        0x0 /usr/lib/gcc/avr/5.4.0/../../../avr/lib/avr4/libm.a(fp_inf.o)
 .data          0x00800101        0x0 /usr/lib/gcc/avr/5.4.0/../../../avr/lib/avr4/libm.a(fp_nan.o)
 .data          0x00800101        0x0 /usr/lib/gcc/avr/5.4.0/../../../avr/lib/avr4/libm.a(fp_pscA.o)
 .data          0x00800101        0x0 /usr/lib/gcc/avr/5.4.0/../../../avr/lib/avr4/libm.a(fp_pscB.o)
 .data          0x00800101        0x0 /usr/lib/gcc/avr/5.4.0/../../../avr/lib/avr4/libm.a(fp_round.o)
 .data          0x00800101        0x0 /usr/lib/gcc/avr/5.4.0/../../../avr/lib/avr4/libm.a(fp_split3.o)
 .data          0x00800101        0x0 /usr/lib/gcc/avr/5.4.0/../../../avr/lib/avr4/libm.a(fp_zero.o)
 .data          0x00800101        0x0 /usr/lib/gcc/avr/5.4.0/../../../avr/lib/avr4/libm.a(mulsf3.o)
 .data          0x00800101        0x0 /usr/lib/gcc/avr/5.4.0/../../../avr/lib/avr4/libm.a(mulsf3x.o)
 *(.data*)
 *(.gnu.linkonce.d*)
 *(.rodata)
 *(.rodata*)
 *(.gnu.linkonce.r*)
                0x00800102                . = ALIGN (0x2)
 *fill*         0x00800101        0x1 
                0x00800102                _edata = .
                0x00800102                PROVIDE (__data_end, .)

.bss            0x00800102       0x8f
                0x00800102                PROVIDE (__bss_start, .)
 *(.bss)
 .bss           0x00800102        0x0 /usr/lib/gcc/avr/5.4.0/../../../avr/lib/avr4/crtatmega48.o
 .bss           0x00800102        0x6 da_pimp2.o
                0x00800102                volt_dig3
                0x00800103                adc_count
                0x00800104                volt
                0x00800106                volt_out
 .bss           0x00800108        0x0 /usr/lib/gcc/avr/5.4.0/avr4/libgcc.a(_udivmodhi4.o)
 .bss           0x00800108        0x0 /usr/lib/gcc/avr/5.4.0/avr4/libgcc.a(_exit.o)
 .bss           0x00800108        0x0 /usr/lib/gcc/avr/5.4.0/avr4/libgcc.a(_copy_data.o)
 .bss           0x00800108        0x0 /usr/lib/gcc/avr/5.4.0/avr4/libgcc.a(_clear_bss.o)
 .bss           0x00800108        0x0 /usr/lib/gcc/avr/5.4.0/../../../avr/lib/avr4/libm.a(divsf3.o)
 .bss           0x00800108        0x0 /usr/lib/gcc/avr/5.4.0/../../../avr/lib/avr4/libm.a(divsf3x.o)
 .bss           0x00800108        0x0 /usr/lib/gcc/avr/5.4.0/../../../avr/lib/avr4/libm.a(fixunssfsi.o)
 .bss           0x00800108        0x0 /usr/lib/gcc/avr/5.4.0/../../../avr/lib/avr4/libm.a(floatsisf.o)
 .bss           0x00800108        0x0 /usr/lib/gcc/avr/5.4.0/../../../avr/lib/avr4/libm.a(fp_inf.o)
 .bss           0x00800108        0x0 /usr/lib/gcc/avr/5.4.0/../../../avr/lib/avr4/libm.a(fp_nan.o)
 .bss           0x00800108        0x0 /usr/lib/gcc/avr/5.4.0/../../../avr/lib/avr4/libm.a(fp_pscA.o)
 .bss           0x00800108        0x0 /usr/lib/gcc/avr/5.4.0/../../../avr/lib/avr4/libm.a(fp_pscB.o)
 .bss           0x00800108        0x0 /usr/lib/gcc/avr/5.4.0/../../../avr/lib/avr4/libm.a(fp_round.o)
 .bss           0x00800108        0x0 /usr/lib/gcc/avr/5.4.0/../../../avr/lib/avr4/libm.a(fp_split3.o)
 .bss           0x00800108        0x0 /usr/lib/gcc/avr/5.4.0/../../../avr/lib/avr4/libm.a(fp_zero.o)
 .bss           0x00800108        0x0 /usr/lib/gcc/avr/5.4.0/../../../avr/lib/avr4/libm.a(mulsf3.o)
 .bss           0x00800108        0x0 /usr/lib/gcc/avr/5.4.0/../../../avr/lib/avr4/libm.a(mulsf3x.o)
 *(.bss*)
 *(COMMON)
 COMMON         0x00800108       0x89 da_pimp2.o
                0x00800108                hexcode
                0x00800109                volt_dig2
                0x0080010a                avg_adc
                0x0080018a                adc_read
                0x0080018c                volt_dig1
                0x0080018d                adc_volt
                0x0080018f                adc_avg_total
                0x00800191                PROVIDE (__bss_end, .)
                0x0000066c                __data_load_start = LOADADDR (.data)
                0x0000066e                __data_load_end = (__data_load_start + SIZEOF (.data))

.noinit         0x00800191        0x0
                [!provide]                PROVIDE (__noinit_start, .)
 *(.noinit*)
                [!provide]                PROVIDE (__noinit_end, .)
                0x00800191                _end = .
                [!provide]                PROVIDE (__heap_start, .)

.eeprom         0x00810000        0x0
 *(.eeprom*)
                0x00810000                __eeprom_end = .

.fuse
 *(.fuse)
 *(.lfuse)
 *(.hfuse)
 *(.efuse)

.lock
 *(.lock*)

.signature
 *(.signature*)

.user_signatures
 *(.user_signatures*)

.stab           0x00000000      0xedc
 *(.stab)
 .stab          0x00000000      0xedc da_pimp2.o

.stabstr        0x00000000     0x106c
 *(.stabstr)
 .stabstr       0x00000000     0x106c da_pimp2.o

.stab.excl
 *(.stab.excl)

.stab.exclstr
 *(.stab.exclstr)

.stab.index
 *(.stab.index)

.stab.indexstr
 *(.stab.indexstr)

.comment        0x00000000       0x11
 *(.comment)
 .comment       0x00000000       0x11 da_pimp2.o
                                 0x12 (size before relaxing)

.note.gnu.avr.deviceinfo
                0x00000000       0x3c
 .note.gnu.avr.deviceinfo
                0x00000000       0x3c /usr/lib/gcc/avr/5.4.0/../../../avr/lib/avr4/crtatmega48.o

.avr.prop       0x00000000       0x16
 .avr.prop      0x00000000       0x16 da_pimp2.o

.note.gnu.build-id
 *(.note.gnu.build-id)

.debug
 *(.debug)

.line
 *(.line)

.debug_srcinfo
 *(.debug_srcinfo)

.debug_sfnames
 *(.debug_sfnames)

.debug_aranges
 *(.debug_aranges)

.debug_pubnames
 *(.debug_pubnames)

.debug_info     0x00000000      0x5f4
 *(.debug_info .gnu.linkonce.wi.*)
 .debug_info    0x00000000      0x5f4 /usr/lib/gcc/avr/5.4.0/../../../avr/lib/avr4/crtatmega48.o

.debug_abbrev   0x00000000      0x5a2
 *(.debug_abbrev)
 .debug_abbrev  0x00000000      0x5a2 /usr/lib/gcc/avr/5.4.0/../../../avr/lib/avr4/crtatmega48.o

.debug_line     0x00000000       0x1a
 *(.debug_line .debug_line.* .debug_line_end)
 .debug_line    0x00000000       0x1a /usr/lib/gcc/avr/5.4.0/../../../avr/lib/avr4/crtatmega48.o

.debug_frame
 *(.debug_frame)

.debug_str      0x00000000      0x209
 *(.debug_str)
 .debug_str     0x00000000      0x209 /usr/lib/gcc/avr/5.4.0/../../../avr/lib/avr4/crtatmega48.o

.debug_loc
 *(.debug_loc)

.debug_macinfo
 *(.debug_macinfo)

.debug_weaknames
 *(.debug_weaknames)

.debug_funcnames
 *(.debug_funcnames)

.debug_typenames
 *(.debug_typenames)

.debug_varnames
 *(.debug_varnames)

.debug_pubtypes
 *(.debug_pubtypes)

.debug_ranges
 *(.debug_ranges)

.debug_macro
 *(.debug_macro)
OUTPUT(da_pimp2.out elf32-avr)
LOAD linker stubs
